{
  "Label": null,
  "Path": null,
  "Data": {
    "foo": null
  },
  "Errors": [
    {
      "Message": "NotAuthorized",
      "Code": null,
      "Path": {
        "Parent": null,
        "Depth": 0,
        "Name": "foo"
      },
      "Locations": [
        {
          "Line": 1,
          "Column": 3
        }
      ],
      "Extensions": null,
      "Exception": null,
      "SyntaxNode": {
        "Kind": "Field",
        "Alias": null,
        "Arguments": [],
        "Required": null,
        "SelectionSet": null,
        "Location": {
          "Start": 2,
          "End": 7,
          "Line": 1,
          "Column": 3
        },
        "Name": {
          "Kind": "Name",
          "Location": {
            "Start": 2,
            "End": 7,
            "Line": 1,
            "Column": 3
          },
          "Value": "foo"
        },
        "Directives": []
      }
    }
  ],
  "Extensions": null,
  "ContextData": null,
  "HasNext": null
}
