{
  "Data": {
    "foo": null
  },
  "Errors": [
    {
      "Message": "NotAuthorized",
      "Code": null,
      "Path": [
        "foo"
      ],
      "Locations": [
        {
          "Line": 1,
          "Column": 3
        }
      ],
      "Exception": null,
      "Extensions": {}
    }
  ],
  "Extensions": null,
  "ContextData": null
}
