{
  "Label": null,
  "Path": null,
  "Data": {
    "foo": null
  },
  "Errors": [
    {
      "Message": "NotAuthorized",
      "Code": null,
      "Path": {
        "Parent": null,
        "Depth": 0,
        "Name": "foo"
      },
      "Locations": [
        {
          "Line": 1,
          "Column": 3
        }
      ],
      "Extensions": null,
      "Exception": null
    }
  ],
  "Extensions": null,
  "ContextData": null,
  "HasNext": null
}
