{
  "Label": null,
  "Path": null,
  "Data": {
    "foo": null
  },
  "Errors": [
    {
      "Message": "NotAuthorized",
      "Code": null,
      "Path": {
        "Parent": null,
        "Depth": 0,
        "Name": "foo"
      },
      "Locations": [
        {
          "Line": 1,
          "Column": 3
        }
      ],
      "Extensions": null,
      "Exception": {
        "ClassName": "Bewit.Validation.Exceptions.BewitInvalidException",
        "Message": "The given Bewit is invalid.",
        "Data": null,
        "InnerException": null,
        "HelpURL": null,
        "StackTraceString": "   at Bewit.Validation.BewitTokenValidator`1.ValidateBewitAsync(Bewit`1 bewit, CancellationToken cancellationToken) in /Users/luga/repos/bewit/src/Validation/BewitTokenValidator.cs:line 72\n   at Bewit.Validation.BewitTokenValidator`1.ValidateBewitTokenAsync(BewitToken`1 bewit, CancellationToken cancellationToken) in /Users/luga/repos/bewit/src/Validation/BewitTokenValidator.cs:line 36\n   at Bewit.Extensions.HotChocolate.Validation.BewitAuthorizationMiddleware`1.InvokeAsync(IMiddlewareContext context) in /Users/luga/repos/bewit/src/Extensions.HotChocolate/Validation/BewitAuthorizationMiddleware.cs:line 36",
        "RemoteStackTraceString": null,
        "RemoteStackIndex": 0,
        "ExceptionMethod": null,
        "HResult": -2146233088,
        "Source": "Bewit.Validation",
        "WatsonBuckets": null
      },
      "SyntaxNode": {
        "Kind": "Field",
        "Alias": null,
        "Arguments": [],
        "Required": null,
        "SelectionSet": null,
        "Location": {
          "Start": 2,
          "End": 7,
          "Line": 1,
          "Column": 3
        },
        "Name": {
          "Kind": "Name",
          "Location": {
            "Start": 2,
            "End": 7,
            "Line": 1,
            "Column": 3
          },
          "Value": "foo"
        },
        "Directives": []
      }
    }
  ],
  "Extensions": null,
  "ContextData": null,
  "HasNext": null
}
